hp@LAPTOP-9P5UVPTL MINGW64 ~/OneDrive/Desktop/Inf43Hw2
$ touch file1.txt

hp@LAPTOP-9P5UVPTL MINGW64 ~/OneDrive/Desktop/Inf43Hw2
$ ls
file1.txt

hp@LAPTOP-9P5UVPTL MINGW64 ~/OneDrive/Desktop/Inf43Hw2
$ pwd
/c/Users/hp/OneDrive/Desktop/Inf43Hw2

hp@LAPTOP-9P5UVPTL MINGW64 ~/OneDrive/Desktop/Inf43Hw2
$ git config --global user.name
aman

hp@LAPTOP-9P5UVPTL MINGW64 ~/OneDrive/Desktop/Inf43Hw2
$ git config --global user.email
amanpaul6666@gmail.com

hp@LAPTOP-9P5UVPTL MINGW64 ~/OneDrive/Desktop/Inf43Hw2
$ git config --global -1
error: unknown switch `1'
usage: git config [<options>]

Config file location
    --global              use global config file
    --system              use system config file
    --local               use repository config file
    --worktree            use per-worktree config file
    -f, --file <file>     use given config file
    --blob <blob-id>      read config from given blob object

Action
    --get                 get value: name [value-pattern]
    --get-all             get all values: key [value-pattern]
    --get-regexp          get values for regexp: name-regex [value-pattern]
    --get-urlmatch        get value specific for the URL: section[.var] URL
    --replace-all         replace all matching variables: name value [value-pattern]
    --add                 add a new variable: name value
    --unset               remove a variable: name [value-pattern]
    --unset-all           remove all matches: name [value-pattern]
    --rename-section      rename section: old-name new-name
    --remove-section      remove a section: name
    -l, --list            list all
    --fixed-value         use string equality when comparing values to 'value-pattern'
    -e, --edit            open an editor
    --get-color           find the color configured: slot [default]
    --get-colorbool       find the color setting: slot [stdout-is-tty]

Type
    -t, --type <type>     value is given this type
    --bool                value is "true" or "false"
    --int                 value is decimal number
    --bool-or-int         value is --bool or --int
    --bool-or-str         value is --bool or string
    --path                value is a path (file or directory name)
    --expiry-date         value is an expiry date

Other
    -z, --null            terminate values with NUL byte
    --name-only           show variable names only
    --includes            respect include directives on lookup
    --show-origin         show origin of config (file, standard input, blob, command line)
    --show-scope          show scope of config (worktree, local, global, system, command)
    --default <value>     with --get, use default value when missing entry


hp@LAPTOP-9P5UVPTL MINGW64 ~/OneDrive/Desktop/Inf43Hw2
$ git init
Initialized empty Git repository in C:/Users/hp/OneDrive/Desktop/Inf43Hw2/.git/

hp@LAPTOP-9P5UVPTL MINGW64 ~/OneDrive/Desktop/Inf43Hw2 (master)
$ ls
file1.txt

hp@LAPTOP-9P5UVPTL MINGW64 ~/OneDrive/Desktop/Inf43Hw2 (master)
$ git status
On branch master

No commits yet

Untracked files:
  (use "git add <file>..." to include in what will be committed)
        file1.txt

nothing added to commit but untracked files present (use "git add" to track)

hp@LAPTOP-9P5UVPTL MINGW64 ~/OneDrive/Desktop/Inf43Hw2 (master)
$ git add file1.txt

hp@LAPTOP-9P5UVPTL MINGW64 ~/OneDrive/Desktop/Inf43Hw2 (master)
$ git status
On branch master

No commits yet

Changes to be committed:
  (use "git rm --cached <file>..." to unstage)
        new file:   file1.txt


hp@LAPTOP-9P5UVPTL MINGW64 ~/OneDrive/Desktop/Inf43Hw2 (master)
$ git commit -m "Committing a new file with my name"
[master (root-commit) acae749] Committing a new file with my name
 1 file changed, 1 insertion(+)
 create mode 100644 file1.txt

hp@LAPTOP-9P5UVPTL MINGW64 ~/OneDrive/Desktop/Inf43Hw2 (master)
$ git sta
stage    stash    status

hp@LAPTOP-9P5UVPTL MINGW64 ~/OneDrive/Desktop/Inf43Hw2 (master)
$ git sta
stage    stash    status

hp@LAPTOP-9P5UVPTL MINGW64 ~/OneDrive/Desktop/Inf43Hw2 (master)
$ git status
On branch master
nothing to commit, working tree clean

hp@LAPTOP-9P5UVPTL MINGW64 ~/OneDrive/Desktop/Inf43Hw2 (master)
$ git log
commit acae74985ca6b1ba4bd389d952d31a39ca7716e0 (HEAD -> master)
Author: aman <amanpaul6666@gmail.com>
Date:   Wed Mar 22 23:32:31 2023 +0530

    Committing a new file with my name

hp@LAPTOP-9P5UVPTL MINGW64 ~/OneDrive/Desktop/Inf43Hw2 (master)
$ git res
reset     restore

hp@LAPTOP-9P5UVPTL MINGW64 ~/OneDrive/Desktop/Inf43Hw2 (master)
$ git reset --hard
HEAD is now at acae749 Committing a new file with my name

hp@LAPTOP-9P5UVPTL MINGW64 ~/OneDrive/Desktop/Inf43Hw2 (master)
$ git commit -m "Now has my major"
On branch master
Changes not staged for commit:
  (use "git add <file>..." to update what will be committed)
  (use "git restore <file>..." to discard changes in working directory)
        modified:   file1.txt

no changes added to commit (use "git add" and/or "git commit -a")

hp@LAPTOP-9P5UVPTL MINGW64 ~/OneDrive/Desktop/Inf43Hw2 (master)
$ git commit -a -m "Now has my major"
[master 0dd19dc] Now has my major
 1 file changed, 1 insertion(+), 1 deletion(-)

hp@LAPTOP-9P5UVPTL MINGW64 ~/OneDrive/Desktop/Inf43Hw2 (master)
$ git add file1.txt

hp@LAPTOP-9P5UVPTL MINGW64 ~/OneDrive/Desktop/Inf43Hw2 (master)
$ git status
On branch master
Changes to be committed:
  (use "git restore --staged <file>..." to unstage)
        modified:   file1.txt


hp@LAPTOP-9P5UVPTL MINGW64 ~/OneDrive/Desktop/Inf43Hw2 (master)
$ git commit -m "Added favorite restaurant"
[master 39e22da] Added favorite restaurant
 1 file changed, 3 insertions(+), 1 deletion(-)

hp@LAPTOP-9P5UVPTL MINGW64 ~/OneDrive/Desktop/Inf43Hw2 (master)
$ git status
On branch master
nothing to commit, working tree clean

hp@LAPTOP-9P5UVPTL MINGW64 ~/OneDrive/Desktop/Inf43Hw2 (master)
$ git commit --amend -m "Added facvorite movie and restaurant"
[master 61773cf] Added facvorite movie and restaurant
 Date: Wed Mar 22 23:38:34 2023 +0530
 1 file changed, 3 insertions(+), 1 deletion(-)

hp@LAPTOP-9P5UVPTL MINGW64 ~/OneDrive/Desktop/Inf43Hw2 (master)
$ git status
On branch master
nothing to commit, working tree clean

hp@LAPTOP-9P5UVPTL MINGW64 ~/OneDrive/Desktop/Inf43Hw2 (master)
$ git log
commit 61773cf8dc063542c9ae0a1c34dacce8c37a38d8 (HEAD -> master)
Author: aman <amanpaul6666@gmail.com>
Date:   Wed Mar 22 23:38:34 2023 +0530

    Added facvorite movie and restaurant

commit 0dd19dc784379c0d1ed2e1574b52d778be9c3c6b
Author: aman <amanpaul6666@gmail.com>
Date:   Wed Mar 22 23:37:06 2023 +0530

    Now has my major

commit acae74985ca6b1ba4bd389d952d31a39ca7716e0
Author: aman <amanpaul6666@gmail.com>
Date:   Wed Mar 22 23:32:31 2023 +0530

    Committing a new file with my name

hp@LAPTOP-9P5UVPTL MINGW64 ~/OneDrive/Desktop/Inf43Hw2 (master)
$ git checkout acae
Note: switching to 'acae'.

You are in 'detached HEAD' state. You can look around, make experimental
changes and commit them, and you can discard any commits you make in this
state without impacting any branches by switching back to a branch.

If you want to create a new branch to retain commits you create, you may
do so (now or later) by using -c with the switch command. Example:

  git switch -c <new-branch-name>

Or undo this operation with:

  git switch -

Turn off this advice by setting config variable advice.detachedHead to false

HEAD is now at acae749 Committing a new file with my name

hp@LAPTOP-9P5UVPTL MINGW64 ~/OneDrive/Desktop/Inf43Hw2 ((acae749...))
$ git checkout master
Previous HEAD position was acae749 Committing a new file with my name
Switched to branch 'master'

hp@LAPTOP-9P5UVPTL MINGW64 ~/OneDrive/Desktop/Inf43Hw2 (master)
$ git log
commit 61773cf8dc063542c9ae0a1c34dacce8c37a38d8 (HEAD -> master)
Author: aman <amanpaul6666@gmail.com>
Date:   Wed Mar 22 23:38:34 2023 +0530

    Added facvorite movie and restaurant

commit 0dd19dc784379c0d1ed2e1574b52d778be9c3c6b
Author: aman <amanpaul6666@gmail.com>
Date:   Wed Mar 22 23:37:06 2023 +0530

    Now has my major

commit acae74985ca6b1ba4bd389d952d31a39ca7716e0
Author: aman <amanpaul6666@gmail.com>
Date:   Wed Mar 22 23:32:31 2023 +0530

    Committing a new file with my name

hp@LAPTOP-9P5UVPTL MINGW64 ~/OneDrive/Desktop/Inf43Hw2 (master)
$ touch file2.txt

hp@LAPTOP-9P5UVPTL MINGW64 ~/OneDrive/Desktop/Inf43Hw2 (master)
$ git status
On branch master
Untracked files:
  (use "git add <file>..." to include in what will be committed)
        file2.txt

nothing added to commit but untracked files present (use "git add" to track)

hp@LAPTOP-9P5UVPTL MINGW64 ~/OneDrive/Desktop/Inf43Hw2 (master)
$ git add file2.txt

hp@LAPTOP-9P5UVPTL MINGW64 ~/OneDrive/Desktop/Inf43Hw2 (master)
$ git status
On branch master
Changes to be committed:
  (use "git restore --staged <file>..." to unstage)
        new file:   file2.txt


hp@LAPTOP-9P5UVPTL MINGW64 ~/OneDrive/Desktop/Inf43Hw2 (master)
$ git commit -m "Grad year and future job"
[master 2911e77] Grad year and future job
 1 file changed, 1 insertion(+)
 create mode 100644 file2.txt

hp@LAPTOP-9P5UVPTL MINGW64 ~/OneDrive/Desktop/Inf43Hw2 (master)
$ git status
On branch master
nothing to commit, working tree clean

hp@LAPTOP-9P5UVPTL MINGW64 ~/OneDrive/Desktop/Inf43Hw2 (master)
$ git log
commit 2911e77bb7ad375a722c0596d25b6995b832df3d (HEAD -> master)
Author: aman <amanpaul6666@gmail.com>
Date:   Wed Mar 22 23:47:52 2023 +0530

    Grad year and future job

commit 61773cf8dc063542c9ae0a1c34dacce8c37a38d8
Author: aman <amanpaul6666@gmail.com>
Date:   Wed Mar 22 23:38:34 2023 +0530

    Added facvorite movie and restaurant

commit 0dd19dc784379c0d1ed2e1574b52d778be9c3c6b
Author: aman <amanpaul6666@gmail.com>
Date:   Wed Mar 22 23:37:06 2023 +0530

    Now has my major

commit acae74985ca6b1ba4bd389d952d31a39ca7716e0
Author: aman <amanpaul6666@gmail.com>
Date:   Wed Mar 22 23:32:31 2023 +0530

    Committing a new file with my name

hp@LAPTOP-9P5UVPTL MINGW64 ~/OneDrive/Desktop/Inf43Hw2 (master)
$ git log file2.txt
commit 2911e77bb7ad375a722c0596d25b6995b832df3d (HEAD -> master)
Author: aman <amanpaul6666@gmail.com>
Date:   Wed Mar 22 23:47:52 2023 +0530

    Grad year and future job

hp@LAPTOP-9P5UVPTL MINGW64 ~/OneDrive/Desktop/Inf43Hw2 (master)
$ git status
On branch master
Changes not staged for commit:
  (use "git add/rm <file>..." to update what will be committed)
  (use "git restore <file>..." to discard changes in working directory)
        modified:   file1.txt
        deleted:    file2.txt

no changes added to commit (use "git add" and/or "git commit -a")

hp@LAPTOP-9P5UVPTL MINGW64 ~/OneDrive/Desktop/Inf43Hw2 (master)
$ git add file1.txt

hp@LAPTOP-9P5UVPTL MINGW64 ~/OneDrive/Desktop/Inf43Hw2 (master)
$ git status
On branch master
Changes to be committed:
  (use "git restore --staged <file>..." to unstage)
        modified:   file1.txt

Changes not staged for commit:
  (use "git add/rm <file>..." to update what will be committed)
  (use "git restore <file>..." to discard changes in working directory)
        deleted:    file2.txt


hp@LAPTOP-9P5UVPTL MINGW64 ~/OneDrive/Desktop/Inf43Hw2 (master)
$ git rm file2.txt
rm 'file2.txt'

hp@LAPTOP-9P5UVPTL MINGW64 ~/OneDrive/Desktop/Inf43Hw2 (master)
$ git status
On branch master
Changes to be committed:
  (use "git restore --staged <file>..." to unstage)
        modified:   file1.txt
        deleted:    file2.txt


hp@LAPTOP-9P5UVPTL MINGW64 ~/OneDrive/Desktop/Inf43Hw2 (master)
$ git commit -m "Deleting file2.txt"
[master fc5df25] Deleting file2.txt
 2 files changed, 2 insertions(+), 2 deletions(-)
 delete mode 100644 file2.txt

hp@LAPTOP-9P5UVPTL MINGW64 ~/OneDrive/Desktop/Inf43Hw2 (master)
$ git log -p -3
commit fc5df25f13063ccbceae95cbbff38c1cde5d5c84 (HEAD -> master)
Author: aman <amanpaul6666@gmail.com>
Date:   Wed Mar 22 23:52:21 2023 +0530

    Deleting file2.txt

diff --git a/file1.txt b/file1.txt
index 32f5c72..e1e3692 100644
--- a/file1.txt
+++ b/file1.txt
@@ -1,3 +1,4 @@
 Aman Kumar CSE
 KFC
-Titanic
\ No newline at end of file
+Titanic
+Red
\ No newline at end of file
diff --git a/file2.txt b/file2.txt
deleted file mode 100644
index a49310e..0000000
--- a/file2.txt
+++ /dev/null
@@ -1 +0,0 @@

hp@LAPTOP-9P5UVPTL MINGW64 ~/OneDrive/Desktop/Inf43Hw2 (master)
$ git checkout HEAD~1 file2.txt
Updated 1 path from c3e4c33

hp@LAPTOP-9P5UVPTL MINGW64 ~/OneDrive/Desktop/Inf43Hw2 (master)
$ git status
On branch master
Changes to be committed:
  (use "git restore --staged <file>..." to unstage)
        new file:   file2.txt


hp@LAPTOP-9P5UVPTL MINGW64 ~/OneDrive/Desktop/Inf43Hw2 (master)
$ git add file2.txt

hp@LAPTOP-9P5UVPTL MINGW64 ~/OneDrive/Desktop/Inf43Hw2 (master)
$ fit stat
bash: fit: command not found

hp@LAPTOP-9P5UVPTL MINGW64 ~/OneDrive/Desktop/Inf43Hw2 (master)
$ git status
On branch master
Changes to be committed:
  (use "git restore --staged <file>..." to unstage)
        new file:   file2.txt


hp@LAPTOP-9P5UVPTL MINGW64 ~/OneDrive/Desktop/Inf43Hw2 (master)
$ git log -p
commit fc5df25f13063ccbceae95cbbff38c1cde5d5c84 (HEAD -> master)
Author: aman <amanpaul6666@gmail.com>
Date:   Wed Mar 22 23:52:21 2023 +0530

    Deleting file2.txt

diff --git a/file1.txt b/file1.txt
index 32f5c72..e1e3692 100644
--- a/file1.txt
+++ b/file1.txt
@@ -1,3 +1,4 @@
 Aman Kumar CSE
 KFC
-Titanic
\ No newline at end of file
+Titanic
+Red
\ No newline at end of file
diff --git a/file2.txt b/file2.txt
deleted file mode 100644
index a49310e..0000000
--- a/file2.txt
+++ /dev/null
@@ -1 +0,0 @@
:...skipping...
commit fc5df25f13063ccbceae95cbbff38c1cde5d5c84 (HEAD -> master)
Author: aman <amanpaul6666@gmail.com>
Date:   Wed Mar 22 23:52:21 2023 +0530

    Deleting file2.txt

diff --git a/file1.txt b/file1.txt
index 32f5c72..e1e3692 100644
--- a/file1.txt
+++ b/file1.txt
@@ -1,3 +1,4 @@
 Aman Kumar CSE
 KFC
-Titanic
\ No newline at end of file
+Titanic
+Red
\ No newline at end of file
diff --git a/file2.txt b/file2.txt
deleted file mode 100644
index a49310e..0000000
--- a/file2.txt
+++ /dev/null
@@ -1 +0,0 @@
-2025 Singer

hp@LAPTOP-9P5UVPTL MINGW64 ~/OneDrive/Desktop/Inf43Hw2 (master)
$ git commit -m "Readding file2.txt"
[master eee1784] Readding file2.txt
 1 file changed, 1 insertion(+)
 create mode 100644 file2.txt

hp@LAPTOP-9P5UVPTL MINGW64 ~/OneDrive/Desktop/Inf43Hw2 (master)
$ git status
On branch master
nothing to commit, working tree clean

hp@LAPTOP-9P5UVPTL MINGW64 ~/OneDrive/Desktop/Inf43Hw2 (master)
$ git log -p > git_log_partB.txt

hp@LAPTOP-9P5UVPTL MINGW64 ~/OneDrive/Desktop/Inf43Hw2 (master)
$ git log -p >git_log_partB.txt

hp@LAPTOP-9P5UVPTL MINGW64 ~/OneDrive/Desktop/Inf43Hw2 (master)
$
